[templates.iqonic.design/qloud/html/index.html]
[backblue.gif]
[fade.gif]
[index.html]
[templates.iqonic.design/qloud/html/images/favicon.ico]
[templates.iqonic.design/qloud/html/css/bootstrap.min.css]
[templates.iqonic.design/qloud/html/revslider/css/rs6.css]
[templates.iqonic.design/qloud/html/css/typography.css]
[templates.iqonic.design/qloud/html/css/qloud-style.css]
[templates.iqonic.design/qloud/html/css/responsive.css]
[templates.iqonic.design/qloud/html/images/loader.gif]
[templates.iqonic.design/qloud/html/images/logo.png]
[templates.iqonic.design/qloud/html/index-2.html]
[templates.iqonic.design/qloud/html/index-3.html]
[templates.iqonic.design/qloud/html/cloud-hosting.html]
[templates.iqonic.design/qloud/html/cloud-analytics.html]
[templates.iqonic.design/qloud/html/cloud-databases.html]
[templates.iqonic.design/qloud/html/cloud-media-services.html]
[templates.iqonic.design/qloud/html/cloud-compute.html]
[templates.iqonic.design/qloud/html/about-us-1.html]
[templates.iqonic.design/qloud/html/about-us-2.html]
[templates.iqonic.design/qloud/html/services.html]
[templates.iqonic.design/qloud/html/our-team.html]
[templates.iqonic.design/qloud/html/pricing-plan.html]
[templates.iqonic.design/qloud/html/clients.html]
[templates.iqonic.design/qloud/html/faq.html]
[templates.iqonic.design/qloud/html/error-404.html]
[templates.iqonic.design/qloud/html/portfolio-2-columns.html]
[templates.iqonic.design/qloud/html/portfolio-3-columns.html]
[templates.iqonic.design/qloud/html/portfolio-4-columns.html]
[templates.iqonic.design/qloud/html/portfolio-details.html]
[templates.iqonic.design/qloud/html/blog.html]
[templates.iqonic.design/qloud/html/two-column-blog.html]
[templates.iqonic.design/qloud/html/three-column-blog.html]
[templates.iqonic.design/qloud/html/right-column-blog.html]
[templates.iqonic.design/qloud/html/blog-details.html]
[templates.iqonic.design/qloud/html/contact-us-1.html]
[templates.iqonic.design/qloud/html/contact-us-2.html]
[templates.iqonic.design/qloud/html/revslider/assets/shape.png]
[templates.iqonic.design/qloud/html/revslider/assets/box3.png]
[templates.iqonic.design/qloud/html/revslider/assets/box2.png]
[templates.iqonic.design/qloud/html/revslider/assets/box1.png]
[templates.iqonic.design/qloud/html/revslider/assets/cloud1.png]
[templates.iqonic.design/qloud/html/revslider/assets/cloud2.png]
[templates.iqonic.design/qloud/html/revslider/assets/banner-pattern-4-1.png]
[templates.iqonic.design/qloud/html/revslider/assets/banner-pattern-3-1.png]
[templates.iqonic.design/qloud/html/revslider/assets/banner-pattern-5-1.png]
[templates.iqonic.design/qloud/html/revslider/assets/banner-pattern-2.png]
[templates.iqonic.design/qloud/html/revslider/assets/banner-pattern-1.png]
[templates.iqonic.design/qloud/html/images/fancy-box/01.png]
[templates.iqonic.design/qloud/html/images/fancy-box/02.png]
[templates.iqonic.design/qloud/html/images/fancy-box/03.png]
[templates.iqonic.design/qloud/html/images/others/shape1.png]
[templates.iqonic.design/qloud/html/images/tab/02-2.png]
[templates.iqonic.design/qloud/html/images/tab/03-3.png]
[templates.iqonic.design/qloud/html/images/tab/04-4.png]
[templates.iqonic.design/qloud/html/images/tab/01.png]
[templates.iqonic.design/qloud/html/images/tab/02.png]
[templates.iqonic.design/qloud/html/images/tab/03.png]
[templates.iqonic.design/qloud/html/images/tab/04.png]
[templates.iqonic.design/qloud/html/images/icon-box/01.png]
[templates.iqonic.design/qloud/html/images/icon-box/02.png]
[templates.iqonic.design/qloud/html/images/icon-box/03.png]
[templates.iqonic.design/qloud/html/images/icon-box/04.png]
[templates.iqonic.design/qloud/html/images/icon-box/05.png]
[templates.iqonic.design/qloud/html/images/icon-box/06.png]
[templates.iqonic.design/qloud/html/images/others/07.jpg]
[templates.iqonic.design/qloud/html/images/testimonial/01.png]
[templates.iqonic.design/qloud/html/images/testimonial/02.png]
[templates.iqonic.design/qloud/html/images/testimonial/03.png]
[templates.iqonic.design/qloud/html/images/blog/01.png]
[templates.iqonic.design/qloud/html/images/blog/02.png]
[templates.iqonic.design/qloud/html/images/blog/03.png]
[templates.iqonic.design/qloud/html/service-1.html]
[templates.iqonic.design/qloud/html/service-2.html]
[templates.iqonic.design/qloud/html/js/jquery-3.4.1.js]
[templates.iqonic.design/qloud/html/js/jquery-min.js]
[templates.iqonic.design/qloud/html/js/popper.min.js]
[templates.iqonic.design/qloud/html/js/bootstrap.min.js]
[templates.iqonic.design/qloud/html/js/appear.js]
[templates.iqonic.design/qloud/html/js/jquery-migrate.min.js]
[templates.iqonic.design/qloud/html/js/scripts.js]
[templates.iqonic.design/qloud/html/js/jQuery.countdownTimer.min.js]
[templates.iqonic.design/qloud/html/js/tox-progress.min.js]
[templates.iqonic.design/qloud/html/js/timeline.js]
[templates.iqonic.design/qloud/html/js/timeline.min.js]
[templates.iqonic.design/qloud/html/js/slick.min.js]
[templates.iqonic.design/qloud/html/js/owl.carousel.min.js]
[templates.iqonic.design/qloud/html/js/countdown.js]
[templates.iqonic.design/qloud/html/js/jquery.countTo.js]
[templates.iqonic.design/qloud/html/js/jquery.magnific-popup.min.js]
[templates.iqonic.design/qloud/html/js/isotope.pkgd.min.js]
[templates.iqonic.design/qloud/html/js/wow.min.js]
[templates.iqonic.design/qloud/html/js/custom.js]
[templates.iqonic.design/qloud/html/revslider/js/revolution.tools.min.js]
[templates.iqonic.design/qloud/html/index.html]
[templates.iqonic.design/qloud/html/css/bootstrap.min.css]
[templates.iqonic.design/qloud/html/revslider/js/rs6.min.js]
[templates.iqonic.design/qloud/html/revslider/fonts/revicons/revicons90c6.eot]
[templates.iqonic.design/qloud/html/revslider/fonts/revicons/revicons90c6.woff]
[templates.iqonic.design/qloud/html/revslider/fonts/revicons/revicons90c6.ttf]
[templates.iqonic.design/qloud/html/revslider/fonts/revicons/revicons90c6.svg]
[templates.iqonic.design/qloud/html/revslider/css/openhand.cur]
[templates.iqonic.design/qloud/html/revslider/css/closedhand.cur]
[templates.iqonic.design/qloud/html/revslider/assets/gridtile.png]
[templates.iqonic.design/qloud/html/revslider/assets/gridtile_white.png]
[templates.iqonic.design/qloud/html/revslider/assets/gridtile_3x3.png]
[templates.iqonic.design/qloud/html/revslider/assets/gridtile_3x3_white.png]
[templates.iqonic.design/qloud/html/revslider/assets/coloredbg.png]
[templates.iqonic.design/qloud/html/revslider/assets/loader.gif]
[templates.iqonic.design/qloud/html/revslider/css/rs6.css]
[templates.iqonic.design/qloud/html/css/all.min.css]
[templates.iqonic.design/qloud/html/css/owl.carousel.min.css]
[templates.iqonic.design/qloud/html/css/magnific-popup.css]
[templates.iqonic.design/qloud/html/css/font-awesome.min.css]
[templates.iqonic.design/qloud/html/css/ionicons.min.css]
[templates.iqonic.design/qloud/html/css/typicon.min.css]
[templates.iqonic.design/qloud/html/css/slick-theme.css]
[templates.iqonic.design/qloud/html/css/slick.css]
[templates.iqonic.design/qloud/html/css/tox-progress.css]
[templates.iqonic.design/qloud/html/css/timeline.css]
[templates.iqonic.design/qloud/html/css/wow.css]
[templates.iqonic.design/qloud/html/fonts/texgyreadventor-regular-webfont.woff]
[templates.iqonic.design/qloud/html/fonts/texgyreadventor-italic-webfont.woff]
[templates.iqonic.design/qloud/html/fonts/texgyreadventor-bold-webfont.woff]
[templates.iqonic.design/qloud/html/fonts/texgyreadventor-bolditalic-webfont.woff]
[templates.iqonic.design/qloud/html/css/typography.css]
[templates.iqonic.design/qloud/html/css/qloud-style.css]
[templates.iqonic.design/qloud/html/css/responsive.css]
[templates.iqonic.design/qloud/html/images/logo-black.png]
[templates.iqonic.design/qloud/html/revslider/assets/slider2.png]
[templates.iqonic.design/qloud/html/revslider/assets/slider24.png]
[templates.iqonic.design/qloud/html/revslider/assets/slider21.png]
[templates.iqonic.design/qloud/html/revslider/assets/slider23.png]
[templates.iqonic.design/qloud/html/revslider/assets/slider22.png]
[templates.iqonic.design/qloud/html/revslider/assets/slider25.png]
[templates.iqonic.design/qloud/html/revslider/assets/slider27.png]
[templates.iqonic.design/qloud/html/images/client/01.png]
[templates.iqonic.design/qloud/html/images/client/02.png]
[templates.iqonic.design/qloud/html/images/client/03.png]
[templates.iqonic.design/qloud/html/images/client/04.png]
[templates.iqonic.design/qloud/html/images/client/05.png]
[templates.iqonic.design/qloud/html/images/client/06.png]
[templates.iqonic.design/qloud/html/images/arrow/01.png]
[templates.iqonic.design/qloud/html/images/work/01.png]
[templates.iqonic.design/qloud/html/images/work/02.png]
[templates.iqonic.design/qloud/html/images/work/03.png]
[templates.iqonic.design/qloud/html/images/icon-box/07.png]
[templates.iqonic.design/qloud/html/images/icon-box/08.png]
[templates.iqonic.design/qloud/html/images/others/04.png]
[templates.iqonic.design/qloud/html/images/icon-box/09.png]
[templates.iqonic.design/qloud/html/images/fancy-list/01.png]
[templates.iqonic.design/qloud/html/images/fancy-list/02.png]
[templates.iqonic.design/qloud/html/images/fancy-list/03.png]
[templates.iqonic.design/qloud/html/images/fancy-list/04.png]
[templates.iqonic.design/qloud/html/images/fancy-list/05.png]
[templates.iqonic.design/qloud/html/images/fancy-list/06.png]
[templates.iqonic.design/qloud/html/images/others/06.jpg]
[templates.iqonic.design/qloud/html/images/others/05.png]
[templates.iqonic.design/qloud/html/index-2.html]
[templates.iqonic.design/qloud/html/revslider/assets/qbanner1.png]
[templates.iqonic.design/qloud/html/revslider/assets/b1.png]
[templates.iqonic.design/qloud/html/revslider/assets/b2.png]
[templates.iqonic.design/qloud/html/images/others/01.png]
[templates.iqonic.design/qloud/html/images/process/01.png]
[templates.iqonic.design/qloud/html/images/process/03.png]
[templates.iqonic.design/qloud/html/images/process/02.png]
[templates.iqonic.design/qloud/html/images/process/04.png]
[templates.iqonic.design/qloud/html/images/security/01.png]
[templates.iqonic.design/qloud/html/images/security/02.png]
[templates.iqonic.design/qloud/html/images/security/03.png]
[templates.iqonic.design/qloud/html/images/security/04.png]
[templates.iqonic.design/qloud/html/images/security/05.png]
[templates.iqonic.design/qloud/html/images/security/06.png]
[templates.iqonic.design/qloud/html/images/security/07.png]
[templates.iqonic.design/qloud/html/images/icon-box/10.png]
[templates.iqonic.design/qloud/html/images/icon-box/11.png]
[templates.iqonic.design/qloud/html/images/icon-box/12.png]
[templates.iqonic.design/qloud/html/images/icon-box/13.png]
[templates.iqonic.design/qloud/html/images/icon-box/14.png]
[templates.iqonic.design/qloud/html/images/icon-box/15.png]
[templates.iqonic.design/qloud/html/index-3.html]
[templates.iqonic.design/qloud/html/revslider/assets/qloud4sliderbg.png]
[templates.iqonic.design/qloud/html/revslider/assets/qloudhome4.png]
[templates.iqonic.design/qloud/html/images/client/c1.png]
[templates.iqonic.design/qloud/html/images/client/c2.png]
[templates.iqonic.design/qloud/html/images/client/c3.png]
[templates.iqonic.design/qloud/html/images/client/c4.png]
[templates.iqonic.design/qloud/html/images/client/c5.png]
[templates.iqonic.design/qloud/html/images/client/c6.png]
[templates.iqonic.design/qloud/html/images/client/c7.png]
[templates.iqonic.design/qloud/html/cloud-hosting.html]
[templates.iqonic.design/qloud/html/revslider/assets/transparent.png]
[templates.iqonic.design/qloud/html/revslider/assets/home52.png]
[templates.iqonic.design/qloud/html/images/others/08.png]
[templates.iqonic.design/qloud/html/images/client/c1-1.png]
[templates.iqonic.design/qloud/html/images/client/c1-2.png]
[templates.iqonic.design/qloud/html/images/client/c1-3.png]
[templates.iqonic.design/qloud/html/images/client/c1-4.png]
[templates.iqonic.design/qloud/html/images/client/c1-5.png]
[templates.iqonic.design/qloud/html/images/client/C1-6.png]
[templates.iqonic.design/qloud/html/images/client/C1-7.png]
[templates.iqonic.design/qloud/html/images/client/C1-8.png]
[templates.iqonic.design/qloud/html/images/client/C1-9.png]
[templates.iqonic.design/qloud/html/images/client/C1-10.png]
[templates.iqonic.design/qloud/html/images/client/c1-11.png]
[templates.iqonic.design/qloud/html/images/client/c1-12.png]
[templates.iqonic.design/qloud/html/images/icon-box/16.png]
[templates.iqonic.design/qloud/html/cloud-analytics.html]
[templates.iqonic.design/qloud/html/revslider/assets/05s.png]
[templates.iqonic.design/qloud/html/revslider/assets/06s.png]
[templates.iqonic.design/qloud/html/revslider/assets/07s.png]
[templates.iqonic.design/qloud/html/revslider/assets/08s.png]
[templates.iqonic.design/qloud/html/revslider/assets/09.png]
[templates.iqonic.design/qloud/html/revslider/assets/10.png]
[templates.iqonic.design/qloud/html/images/product/01.png]
[templates.iqonic.design/qloud/html/images/product/02.png]
[templates.iqonic.design/qloud/html/images/product/03.png]
[templates.iqonic.design/qloud/html/images/product/04.png]
[templates.iqonic.design/qloud/html/images/client/c-a5.png]
[templates.iqonic.design/qloud/html/images/client/c-a1.png]
[templates.iqonic.design/qloud/html/images/client/c-a3.png]
[templates.iqonic.design/qloud/html/images/client/c-a2.png]
[templates.iqonic.design/qloud/html/images/client/c-a4.png]
[templates.iqonic.design/qloud/html/images/client/c-a6.png]
[templates.iqonic.design/qloud/html/images/testimonial/04.png]
[templates.iqonic.design/qloud/html/cloud-databases.html]
[templates.iqonic.design/qloud/html/revslider/assets/s-04.png]
[templates.iqonic.design/qloud/html/revslider/assets/s-03.png]
[templates.iqonic.design/qloud/html/revslider/assets/slider-01.png]
[templates.iqonic.design/qloud/html/revslider/assets/slider-02-1.png]
[templates.iqonic.design/qloud/html/images/icon-box/17.png]
[templates.iqonic.design/qloud/html/images/icon-box/18.png]
[templates.iqonic.design/qloud/html/images/icon-box/19.png]
[templates.iqonic.design/qloud/html/images/icon-box/20.png]
[templates.iqonic.design/qloud/html/images/portfolio/01.png]
[templates.iqonic.design/qloud/html/images/portfolio/02.png]
[templates.iqonic.design/qloud/html/images/portfolio/03.png]
[templates.iqonic.design/qloud/html/images/portfolio/04.png]
[templates.iqonic.design/qloud/html/images/portfolio/05.png]
[templates.iqonic.design/qloud/html/images/portfolio/06.png]
[templates.iqonic.design/qloud/html/cloud-media-services.html]
[templates.iqonic.design/qloud/html/revslider/assets/bg-sdd.jpg]
[templates.iqonic.design/qloud/html/revslider/assets/slider-064png.png]
[templates.iqonic.design/qloud/html/revslider/assets/boy.png]
[templates.iqonic.design/qloud/html/revslider/assets/slider-060.png]
[templates.iqonic.design/qloud/html/revslider/assets/cloud.png]
[templates.iqonic.design/qloud/html/revslider/assets/line.png]
[templates.iqonic.design/qloud/html/revslider/assets/slider-058.png]
[templates.iqonic.design/qloud/html/revslider/assets/slider-059.png]
[templates.iqonic.design/qloud/html/revslider/assets/sky.png]
[templates.iqonic.design/qloud/html/images/tab/05.png]
[templates.iqonic.design/qloud/html/cloud-compute.html]
[templates.iqonic.design/qloud/html/about-us-1.html]
[iqonic.design/wp-themes/qloud/wp-content/uploads/2020/02/02-4.ed.delayed]
[iqonic.design/wp-themes/qloud/wp-content/uploads/2020/02/01-3.png]
[templates.iqonic.design/qloud/html/about-us-2.html]
[templates.iqonic.design/qloud/html/services.html]
[templates.iqonic.design/qloud/html/images/team/05.jpg]
[templates.iqonic.design/qloud/html/images/team/04.jpg]
[templates.iqonic.design/qloud/html/images/team/03.jpg]
[templates.iqonic.design/qloud/html/images/team/02.jpg]
[templates.iqonic.design/qloud/html/images/team/01.jpg]
[templates.iqonic.design/qloud/html/our-team.html]
[templates.iqonic.design/qloud/html/pricing-plan.html]
[templates.iqonic.design/qloud/html/clients.html]
[templates.iqonic.design/qloud/html/faq.html]
[templates.iqonic.design/qloud/html/images/others/03.png]
[templates.iqonic.design/qloud/html/error-404.html]
[templates.iqonic.design/qloud/html/portfolio-2-columns.html]
[templates.iqonic.design/qloud/html/portfolio-3-columns.html]
[templates.iqonic.design/qloud/html/portfolio-4-columns.html]
[templates.iqonic.design/qloud/html/images/others/02.png]
[templates.iqonic.design/qloud/html/portfolio-details.html]
[templates.iqonic.design/qloud/html/images/blog/04.png]
[templates.iqonic.design/qloud/html/blog.html]
[templates.iqonic.design/qloud/html/two-column-blog.html]
[templates.iqonic.design/qloud/html/three-column-blog.html]
[templates.iqonic.design/qloud/html/right-column-blog.html]
[templates.iqonic.design/qloud/html/blog-details.html]
[templates.iqonic.design/qloud/html/contact-us-1.html]
[templates.iqonic.design/qloud/html/contact-us-2.html]
[templates.iqonic.design/qloud/html/service-1.html]
[templates.iqonic.design/qloud/html/service-2.html]
[templates.iqonic.design/qloud/html/revslider/fonts/revicons/revicons90c6.svg]
[templates.iqonic.design/qloud/html/revslider/css/openhand.html]
[templates.iqonic.design/qloud/html/revslider/css/closedhand.html]
[templates.iqonic.design/qloud/html/revslider/assets/gridtile.html]
[templates.iqonic.design/qloud/html/revslider/assets/gridtile_white.html]
[templates.iqonic.design/qloud/html/revslider/assets/gridtile_3x3.html]
[templates.iqonic.design/qloud/html/revslider/assets/gridtile_3x3_white.html]
[templates.iqonic.design/qloud/html/revslider/assets/coloredbg.html]
[templates.iqonic.design/qloud/html/css/all.min.css]
[templates.iqonic.design/qloud/html/css/Trident/index.html]
[templates.iqonic.design/qloud/html/css/owl.video.play.f7.delayed]
[templates.iqonic.design/qloud/html/css/owl.carousel.min.css]
[templates.iqonic.design/qloud/html/css/magnific-popup.css]
[templates.iqonic.design/qloud/html/fonts/fontawesome-webfont3e6e.eot]
[templates.iqonic.design/qloud/html/fonts/fontawesome-webfont3e6e.woff2]
[templates.iqonic.design/qloud/html/fonts/fontawesome-webfontd41d.eot]
[templates.iqonic.design/qloud/html/fonts/fontawesome-webfont3e6e.woff]
[templates.iqonic.design/qloud/html/fonts/fontawesome-webfont3e6e.ttf]
[templates.iqonic.design/qloud/html/fonts/fontawesome-webfont3e6e.svg]
[templates.iqonic.design/qloud/html/css/font-awesome.min.css]
[templates.iqonic.design/qloud/html/fonts/ionicons28b5.eot]
[templates.iqonic.design/qloud/html/fonts/ionicons28b5.ttf]
[templates.iqonic.design/qloud/html/fonts/ionicons28b5.woff]
[templates.iqonic.design/qloud/html/css/ionicons.min.css]
[templates.iqonic.design/qloud/html/fonts/typicon.eot]
[templates.iqonic.design/qloud/html/fonts/ionicons28b5.svg]
[templates.iqonic.design/qloud/html/fonts/typicond41d.eot]
[templates.iqonic.design/qloud/html/fonts/typicon.woff]
[templates.iqonic.design/qloud/html/css/typicon.ttf]
[templates.iqonic.design/qloud/html/fonts/typicon.svg]
[templates.iqonic.design/qloud/html/css/typicon.min.css]
[templates.iqonic.design/qloud/html/css/ajax-loader.gif]
[templates.iqonic.design/qloud/html/css/fonts/slick.eot]
[templates.iqonic.design/qloud/html/css/fonts/slickd41d.eot]
[templates.iqonic.design/qloud/html/css/fonts/slick.woff]
[templates.iqonic.design/qloud/html/css/fonts/slick.ttf]
[templates.iqonic.design/qloud/html/css/fonts/slick.svg]
[templates.iqonic.design/qloud/html/css/slick-theme.css]
[templates.iqonic.design/qloud/html/css/slick.css]
[templates.iqonic.design/qloud/html/css/tox-progress.css]
[templates.iqonic.design/qloud/html/css/timeline.css]
[templates.iqonic.design/qloud/html/css/wow.css]
[templates.iqonic.design/qloud/html/images/client/C1-6.html]
[templates.iqonic.design/qloud/html/images/client/C1-7.html]
[templates.iqonic.design/qloud/html/images/client/C1-8.html]
[templates.iqonic.design/qloud/html/images/client/C1-9.html]
[templates.iqonic.design/qloud/html/images/client/C1-10.html]
[iqonic.design/wp-themes/qloud/wp-content/uploads/2020/02/02-4.html]
[iqonic.design/wp-themes/qloud/wp-content/uploads/2020/02/01-3.html]
[templates.iqonic.design/qloud/html/css/Trident/index.html]
[templates.iqonic.design/qloud/html/css/owl.video.play.html]
[templates.iqonic.design/qloud/html/fonts/fontawesome-webfont3e6e.html]
[templates.iqonic.design/qloud/html/fonts/ionicons28b5.svg]
[templates.iqonic.design/qloud/html/fonts/typicon.html]
[templates.iqonic.design/qloud/html/fonts/typicond41d.html]
[templates.iqonic.design/qloud/html/fonts/typicon-2.html]
[templates.iqonic.design/qloud/html/css/typicon.html]
[templates.iqonic.design/qloud/html/fonts/typicon-3.html]
[templates.iqonic.design/qloud/html/css/ajax-loader.html]
[templates.iqonic.design/qloud/html/css/fonts/slick.html]
[templates.iqonic.design/qloud/html/css/fonts/slickd41d.html]
[templates.iqonic.design/qloud/html/css/fonts/slick-2.html]
[templates.iqonic.design/qloud/html/css/fonts/slick-3.html]
[templates.iqonic.design/qloud/html/css/fonts/slick-4.html]
